ARM Linker, 5.03 [Build 76] [MDK-ARM Lite]

==============================================================================

Section Cross References

    startup_tm4c123.o(RESET) refers to startup_tm4c123.o(STACK) for __initial_sp
    startup_tm4c123.o(RESET) refers to startup_tm4c123.o(.text) for Reset_Handler
    startup_tm4c123.o(.text) refers to main.o(.text) for SystemInit
    startup_tm4c123.o(.text) refers to entry.o(.ARM.Collect$$$$00000000) for __main
    main.o(.text) refers to dadd.o(.text) for __aeabi_dsub
    main.o(.text) refers to cdcmple.o(.text) for __aeabi_cdcmple
    main.o(.text) refers to cdrcmple.o(.text) for __aeabi_cdrcmple
    main.o(.text) refers to main.o(.data) for error_range
    main.o(.text) refers to strtok.o(.text) for strtok
    main.o(.text) refers to atof.o(i.atof) for atof
    main.o(.text) refers to ddiv.o(.text) for __aeabi_ddiv
    main.o(.text) refers to dfixi.o(.text) for __aeabi_d2iz
    main.o(.text) refers to dflti.o(.text) for __aeabi_i2d
    main.o(.text) refers to dmul.o(.text) for __aeabi_dmul
    main.o(.text) refers to sin.o(i.sin) for sin
    main.o(.text) refers to pow.o(i.pow) for pow
    main.o(.text) refers to cos.o(i.cos) for cos
    main.o(.text) refers to d2f.o(.text) for __aeabi_d2f
    main.o(.text) refers to sqrtf.o(i.sqrtf) for sqrtf
    main.o(.text) refers to f2d.o(.text) for __aeabi_f2d
    main.o(.text) refers to main.o(.bss) for str
    main.o(.text) refers to asinf.o(i.asinf) for asinf
    main.o(.text) refers to fflti.o(.text) for __aeabi_i2f
    main.o(.text) refers to fmul.o(.text) for __aeabi_fmul
    asinf.o(i.__softfp_asinf) refers (Special) to iusefp.o(.text) for __I$use$fp
    asinf.o(i.__softfp_asinf) refers to asinf.o(i.asinf) for asinf
    asinf.o(i.asinf) refers (Special) to iusefp.o(.text) for __I$use$fp
    asinf.o(i.asinf) refers to fpclassifyf.o(i.__ARM_fpclassifyf) for __ARM_fpclassifyf
    asinf.o(i.asinf) refers to funder.o(i.__mathlib_flt_underflow) for __mathlib_flt_underflow
    asinf.o(i.asinf) refers to fscalb.o(.text) for __ARM_scalbnf
    asinf.o(i.asinf) refers to errno.o(i.__set_errno) for __set_errno
    asinf.o(i.asinf) refers to fdiv.o(.text) for __aeabi_fdiv
    asinf.o(i.asinf) refers to fadd.o(.text) for __aeabi_frsub
    asinf.o(i.asinf) refers to sqrtf.o(i.sqrtf) for sqrtf
    asinf.o(i.asinf) refers to fmul.o(.text) for __aeabi_fmul
    asinf_x.o(i.____softfp_asinf$lsc) refers (Special) to iusefp.o(.text) for __I$use$fp
    asinf_x.o(i.____softfp_asinf$lsc) refers to asinf_x.o(i.__asinf$lsc) for __asinf$lsc
    asinf_x.o(i.__asinf$lsc) refers (Special) to iusefp.o(.text) for __I$use$fp
    asinf_x.o(i.__asinf$lsc) refers to fscalb.o(.text) for __ARM_scalbnf
    asinf_x.o(i.__asinf$lsc) refers to errno.o(i.__set_errno) for __set_errno
    asinf_x.o(i.__asinf$lsc) refers to fadd.o(.text) for __aeabi_frsub
    asinf_x.o(i.__asinf$lsc) refers to sqrtf.o(i.sqrtf) for sqrtf
    asinf_x.o(i.__asinf$lsc) refers to fmul.o(.text) for __aeabi_fmul
    atof.o(i.__softfp_atof) refers (Special) to iusefp.o(.text) for __I$use$fp
    atof.o(i.__softfp_atof) refers to errno.o(i.__read_errno) for __read_errno
    atof.o(i.__softfp_atof) refers to strtod.o(.text) for __strtod_int
    atof.o(i.__softfp_atof) refers to errno.o(i.__set_errno) for __set_errno
    atof.o(i.atof) refers (Special) to iusefp.o(.text) for __I$use$fp
    atof.o(i.atof) refers to errno.o(i.__read_errno) for __read_errno
    atof.o(i.atof) refers to strtod.o(.text) for __strtod_int
    atof.o(i.atof) refers to errno.o(i.__set_errno) for __set_errno
    cos.o(i.__softfp_cos) refers (Special) to iusefp.o(.text) for __I$use$fp
    cos.o(i.__softfp_cos) refers to cos.o(i.cos) for cos
    cos.o(i.cos) refers (Special) to iusefp.o(.text) for __I$use$fp
    cos.o(i.cos) refers to errno.o(i.__set_errno) for __set_errno
    cos.o(i.cos) refers to ddiv.o(.text) for __aeabi_ddiv
    cos.o(i.cos) refers to dscalb.o(.text) for __ARM_scalbn
    cos.o(i.cos) refers to rred.o(i.__ieee754_rem_pio2) for __ieee754_rem_pio2
    cos.o(i.cos) refers to sin_i.o(i.__kernel_sin) for __kernel_sin
    cos.o(i.cos) refers to cos_i.o(i.__kernel_cos) for __kernel_cos
    cos_x.o(i.____softfp_cos$lsc) refers (Special) to iusefp.o(.text) for __I$use$fp
    cos_x.o(i.____softfp_cos$lsc) refers to cos_x.o(i.__cos$lsc) for __cos$lsc
    cos_x.o(i.__cos$lsc) refers (Special) to iusefp.o(.text) for __I$use$fp
    cos_x.o(i.__cos$lsc) refers to errno.o(i.__set_errno) for __set_errno
    cos_x.o(i.__cos$lsc) refers to dscalb.o(.text) for __ARM_scalbn
    cos_x.o(i.__cos$lsc) refers to rred.o(i.__ieee754_rem_pio2) for __ieee754_rem_pio2
    cos_x.o(i.__cos$lsc) refers to sin_i.o(i.__kernel_sin) for __kernel_sin
    cos_x.o(i.__cos$lsc) refers to cos_i.o(i.__kernel_cos) for __kernel_cos
    pow.o(i.__softfp_pow) refers (Special) to iusefp.o(.text) for __I$use$fp
    pow.o(i.__softfp_pow) refers to pow.o(i.pow) for pow
    pow.o(i.pow) refers (Special) to iusefp.o(.text) for __I$use$fp
    pow.o(i.pow) refers to dadd.o(.text) for __aeabi_dadd
    pow.o(i.pow) refers to errno.o(i.__set_errno) for __set_errno
    pow.o(i.pow) refers to ddiv.o(.text) for __aeabi_ddiv
    pow.o(i.pow) refers to sqrt.o(i.sqrt) for sqrt
    pow.o(i.pow) refers to dmul.o(.text) for __aeabi_dmul
    pow.o(i.pow) refers to dscalb.o(.text) for __ARM_scalbn
    pow.o(i.pow) refers to dunder.o(i.__mathlib_dbl_underflow) for __mathlib_dbl_underflow
    pow.o(i.pow) refers to qnan.o(.constdata) for __mathlib_zero
    pow.o(i.pow) refers to poly.o(i.__kernel_poly) for __kernel_poly
    pow.o(i.pow) refers to dflti.o(.text) for __aeabi_i2d
    pow.o(i.pow) refers to cdrcmple.o(.text) for __aeabi_cdrcmple
    pow.o(i.pow) refers to pow.o(.constdata) for .constdata
    pow.o(i.pow) refers to fpclassify.o(i.__ARM_fpclassify) for __ARM_fpclassify
    pow.o(.constdata) refers (Special) to iusefp.o(.text) for __I$use$fp
    pow_x.o(i.____softfp_pow$lsc) refers (Special) to iusefp.o(.text) for __I$use$fp
    pow_x.o(i.____softfp_pow$lsc) refers to pow_x.o(i.__pow$lsc) for __pow$lsc
    pow_x.o(i.__pow$lsc) refers (Special) to iusefp.o(.text) for __I$use$fp
    pow_x.o(i.__pow$lsc) refers to dadd.o(.text) for __aeabi_dadd
    pow_x.o(i.__pow$lsc) refers to errno.o(i.__set_errno) for __set_errno
    pow_x.o(i.__pow$lsc) refers to ddiv.o(.text) for __aeabi_ddiv
    pow_x.o(i.__pow$lsc) refers to sqrt.o(i.sqrt) for sqrt
    pow_x.o(i.__pow$lsc) refers to dmul.o(.text) for __aeabi_dmul
    pow_x.o(i.__pow$lsc) refers to dflti.o(.text) for __aeabi_i2d
    pow_x.o(i.__pow$lsc) refers to dscalb.o(.text) for __ARM_scalbn
    pow_x.o(i.__pow$lsc) refers to qnan.o(.constdata) for __mathlib_zero
    pow_x.o(i.__pow$lsc) refers to pow_x.o(.constdata) for .constdata
    pow_x.o(i.__pow$lsc) refers to poly.o(i.__kernel_poly) for __kernel_poly
    pow_x.o(i.__pow$lsc) refers to cdrcmple.o(.text) for __aeabi_cdrcmple
    pow_x.o(.constdata) refers (Special) to iusefp.o(.text) for __I$use$fp
    sin.o(i.__softfp_sin) refers (Special) to iusefp.o(.text) for __I$use$fp
    sin.o(i.__softfp_sin) refers to sin.o(i.sin) for sin
    sin.o(i.sin) refers (Special) to iusefp.o(.text) for __I$use$fp
    sin.o(i.sin) refers to errno.o(i.__set_errno) for __set_errno
    sin.o(i.sin) refers to ddiv.o(.text) for __aeabi_ddiv
    sin.o(i.sin) refers to dscalb.o(.text) for __ARM_scalbn
    sin.o(i.sin) refers to rred.o(i.__ieee754_rem_pio2) for __ieee754_rem_pio2
    sin.o(i.sin) refers to cos_i.o(i.__kernel_cos) for __kernel_cos
    sin.o(i.sin) refers to sin_i.o(i.__kernel_sin) for __kernel_sin
    sin_x.o(i.____softfp_sin$lsc) refers (Special) to iusefp.o(.text) for __I$use$fp
    sin_x.o(i.____softfp_sin$lsc) refers to sin_x.o(i.__sin$lsc) for __sin$lsc
    sin_x.o(i.__sin$lsc) refers (Special) to iusefp.o(.text) for __I$use$fp
    sin_x.o(i.__sin$lsc) refers to errno.o(i.__set_errno) for __set_errno
    sin_x.o(i.__sin$lsc) refers to dscalb.o(.text) for __ARM_scalbn
    sin_x.o(i.__sin$lsc) refers to rred.o(i.__ieee754_rem_pio2) for __ieee754_rem_pio2
    sin_x.o(i.__sin$lsc) refers to cos_i.o(i.__kernel_cos) for __kernel_cos
    sin_x.o(i.__sin$lsc) refers to sin_i.o(i.__kernel_sin) for __kernel_sin
    sqrtf.o(i.__softfp_sqrtf) refers (Special) to iusefp.o(.text) for __I$use$fp
    sqrtf.o(i.__softfp_sqrtf) refers to fsqrt.o(.text) for _fsqrt
    sqrtf.o(i.__softfp_sqrtf) refers to errno.o(i.__set_errno) for __set_errno
    sqrtf.o(i.sqrtf) refers (Special) to iusefp.o(.text) for __I$use$fp
    sqrtf.o(i.sqrtf) refers to fsqrt.o(.text) for _fsqrt
    sqrtf.o(i.sqrtf) refers to errno.o(i.__set_errno) for __set_errno
    sqrtf_x.o(i.____softfp_sqrtf$lsc) refers (Special) to iusefp.o(.text) for __I$use$fp
    sqrtf_x.o(i.____softfp_sqrtf$lsc) refers to errno.o(i.__set_errno) for __set_errno
    sqrtf_x.o(i.____softfp_sqrtf$lsc) refers to fsqrt.o(.text) for _fsqrt
    sqrtf_x.o(i.__sqrtf$lsc) refers (Special) to iusefp.o(.text) for __I$use$fp
    sqrtf_x.o(i.__sqrtf$lsc) refers to errno.o(i.__set_errno) for __set_errno
    sqrtf_x.o(i.__sqrtf$lsc) refers to fsqrt.o(.text) for _fsqrt
    entry.o(.ARM.Collect$$$$00000000) refers (Special) to entry10a.o(.ARM.Collect$$$$0000000D) for __rt_final_cpp
    entry.o(.ARM.Collect$$$$00000000) refers (Special) to entry11a.o(.ARM.Collect$$$$0000000F) for __rt_final_exit
    entry.o(.ARM.Collect$$$$00000000) refers (Special) to entry7b.o(.ARM.Collect$$$$00000008) for _main_clock
    entry.o(.ARM.Collect$$$$00000000) refers (Special) to entry8b.o(.ARM.Collect$$$$0000000A) for _main_cpp_init
    entry.o(.ARM.Collect$$$$00000000) refers (Special) to entry9a.o(.ARM.Collect$$$$0000000B) for _main_init
    entry.o(.ARM.Collect$$$$00000000) refers (Special) to entry5.o(.ARM.Collect$$$$00000004) for _main_scatterload
    entry.o(.ARM.Collect$$$$00000000) refers (Special) to entry2.o(.ARM.Collect$$$$00000001) for _main_stk
    strtok.o(.text) refers to strtok.o(.data) for .data
    strtok_r.o(.text) refers to strtok_r.o(.data) for .data
    fmul.o(.text) refers (Special) to iusefp.o(.text) for __I$use$fp
    dadd.o(.text) refers (Special) to iusefp.o(.text) for __I$use$fp
    dadd.o(.text) refers to llshl.o(.text) for __aeabi_llsl
    dadd.o(.text) refers to llsshr.o(.text) for __aeabi_lasr
    dadd.o(.text) refers to depilogue.o(.text) for _double_epilogue
    dmul.o(.text) refers (Special) to iusefp.o(.text) for __I$use$fp
    dmul.o(.text) refers to depilogue.o(.text) for _double_epilogue
    ddiv.o(.text) refers (Special) to iusefp.o(.text) for __I$use$fp
    ddiv.o(.text) refers to depilogue.o(.text) for _double_round
    fflti.o(.text) refers (Special) to iusefp.o(.text) for __I$use$fp
    fflti.o(.text) refers to fepilogue.o(.text) for _float_epilogue
    dflti.o(.text) refers (Special) to iusefp.o(.text) for __I$use$fp
    dflti.o(.text) refers to depilogue.o(.text) for _double_epilogue
    dfixi.o(.text) refers (Special) to iusefp.o(.text) for __I$use$fp
    dfixi.o(.text) refers to llushr.o(.text) for __aeabi_llsr
    f2d.o(.text) refers (Special) to iusefp.o(.text) for __I$use$fp
    cdcmple.o(.text) refers (Special) to iusefp.o(.text) for __I$use$fp
    cdrcmple.o(.text) refers (Special) to iusefp.o(.text) for __I$use$fp
    d2f.o(.text) refers (Special) to iusefp.o(.text) for __I$use$fp
    d2f.o(.text) refers to fepilogue.o(.text) for _float_round
    cos_i.o(i.__kernel_cos) refers (Special) to iusefp.o(.text) for __I$use$fp
    cos_i.o(i.__kernel_cos) refers to dfixi.o(.text) for __aeabi_d2iz
    cos_i.o(i.__kernel_cos) refers to dmul.o(.text) for __aeabi_dmul
    cos_i.o(i.__kernel_cos) refers to poly.o(i.__kernel_poly) for __kernel_poly
    cos_i.o(i.__kernel_cos) refers to dadd.o(.text) for __aeabi_dsub
    cos_i.o(i.__kernel_cos) refers to dscalb.o(.text) for __ARM_scalbn
    cos_i.o(i.__kernel_cos) refers to cos_i.o(.constdata) for .constdata
    cos_i.o(.constdata) refers (Special) to iusefp.o(.text) for __I$use$fp
    dunder.o(i.__mathlib_dbl_underflow) refers to dscalb.o(.text) for __ARM_scalbn
    fpclassify.o(i.__ARM_fpclassify) refers (Special) to iusefp.o(.text) for __I$use$fp
    fpclassifyf.o(i.__ARM_fpclassifyf) refers (Special) to iusefp.o(.text) for __I$use$fp
    funder.o(i.__mathlib_flt_underflow) refers to fscalb.o(.text) for __ARM_scalbnf
    poly.o(i.__kernel_poly) refers (Special) to iusefp.o(.text) for __I$use$fp
    poly.o(i.__kernel_poly) refers to dmul.o(.text) for __aeabi_dmul
    poly.o(i.__kernel_poly) refers to dadd.o(.text) for __aeabi_dadd
    qnan.o(.constdata) refers (Special) to iusefp.o(.text) for __I$use$fp
    rred.o(i.__ieee754_rem_pio2) refers (Special) to iusefp.o(.text) for __I$use$fp
    rred.o(i.__ieee754_rem_pio2) refers to dadd.o(.text) for __aeabi_dsub
    rred.o(i.__ieee754_rem_pio2) refers to dmul.o(.text) for __aeabi_dmul
    rred.o(i.__ieee754_rem_pio2) refers to dfixi.o(.text) for __aeabi_d2iz
    rred.o(i.__ieee754_rem_pio2) refers to dflti.o(.text) for __aeabi_i2d
    rred.o(i.__ieee754_rem_pio2) refers to dfltui.o(.text) for __aeabi_ui2d
    rred.o(i.__ieee754_rem_pio2) refers to dscalb.o(.text) for __ARM_scalbn
    rred.o(i.__ieee754_rem_pio2) refers to rred.o(.constdata) for .constdata
    rred.o(i.__use_accurate_range_reduction) refers (Special) to iusefp.o(.text) for __I$use$fp
    rred.o(.constdata) refers (Special) to iusefp.o(.text) for __I$use$fp
    sin_i.o(i.__kernel_sin) refers (Special) to iusefp.o(.text) for __I$use$fp
    sin_i.o(i.__kernel_sin) refers to fpclassify.o(i.__ARM_fpclassify) for __ARM_fpclassify
    sin_i.o(i.__kernel_sin) refers to dunder.o(i.__mathlib_dbl_underflow) for __mathlib_dbl_underflow
    sin_i.o(i.__kernel_sin) refers to dmul.o(.text) for __aeabi_dmul
    sin_i.o(i.__kernel_sin) refers to poly.o(i.__kernel_poly) for __kernel_poly
    sin_i.o(i.__kernel_sin) refers to dscalb.o(.text) for __ARM_scalbn
    sin_i.o(i.__kernel_sin) refers to dadd.o(.text) for __aeabi_dsub
    sin_i.o(i.__kernel_sin) refers to sin_i.o(.constdata) for .constdata
    sin_i.o(.constdata) refers (Special) to iusefp.o(.text) for __I$use$fp
    sin_i_x.o(i.____kernel_sin$lsc) refers (Special) to iusefp.o(.text) for __I$use$fp
    sin_i_x.o(i.____kernel_sin$lsc) refers to dmul.o(.text) for __aeabi_dmul
    sin_i_x.o(i.____kernel_sin$lsc) refers to poly.o(i.__kernel_poly) for __kernel_poly
    sin_i_x.o(i.____kernel_sin$lsc) refers to dscalb.o(.text) for __ARM_scalbn
    sin_i_x.o(i.____kernel_sin$lsc) refers to dadd.o(.text) for __aeabi_dsub
    sin_i_x.o(i.____kernel_sin$lsc) refers to sin_i_x.o(.constdata) for .constdata
    sin_i_x.o(.constdata) refers (Special) to iusefp.o(.text) for __I$use$fp
    sqrt.o(i.__softfp_sqrt) refers (Special) to iusefp.o(.text) for __I$use$fp
    sqrt.o(i.__softfp_sqrt) refers to dsqrt.o(.text) for _dsqrt
    sqrt.o(i.__softfp_sqrt) refers to errno.o(i.__set_errno) for __set_errno
    sqrt.o(i.sqrt) refers (Special) to iusefp.o(.text) for __I$use$fp
    sqrt.o(i.sqrt) refers to dsqrt.o(.text) for _dsqrt
    sqrt.o(i.sqrt) refers to errno.o(i.__set_errno) for __set_errno
    sqrt_x.o(i.____softfp_sqrt$lsc) refers (Special) to iusefp.o(.text) for __I$use$fp
    sqrt_x.o(i.____softfp_sqrt$lsc) refers to cdcmple.o(.text) for __aeabi_cdcmple
    sqrt_x.o(i.____softfp_sqrt$lsc) refers to errno.o(i.__set_errno) for __set_errno
    sqrt_x.o(i.____softfp_sqrt$lsc) refers to dsqrt.o(.text) for _dsqrt
    sqrt_x.o(i.__sqrt$lsc) refers (Special) to iusefp.o(.text) for __I$use$fp
    sqrt_x.o(i.__sqrt$lsc) refers to cdcmple.o(.text) for __aeabi_cdcmple
    sqrt_x.o(i.__sqrt$lsc) refers to errno.o(i.__set_errno) for __set_errno
    sqrt_x.o(i.__sqrt$lsc) refers to dsqrt.o(.text) for _dsqrt
    entry2.o(.ARM.Collect$$$$00000001) refers to entry2.o(.ARM.Collect$$$$00002712) for __lit__00000000
    entry2.o(.ARM.Collect$$$$00002712) refers to startup_tm4c123.o(STACK) for __initial_sp
    entry2.o(__vectab_stack_and_reset_area) refers to startup_tm4c123.o(STACK) for __initial_sp
    entry2.o(__vectab_stack_and_reset_area) refers to entry.o(.ARM.Collect$$$$00000000) for __main
    entry5.o(.ARM.Collect$$$$00000004) refers to init.o(.text) for __scatterload
    entry9a.o(.ARM.Collect$$$$0000000B) refers to main.o(.text) for main
    entry9b.o(.ARM.Collect$$$$0000000C) refers to main.o(.text) for main
    errno.o(i.__aeabi_errno_addr) refers to errno.o(.data) for .data
    errno.o(i.__read_errno) refers to errno.o(.data) for .data
    errno.o(i.__set_errno) refers to errno.o(.data) for .data
    strtod.o(.text) refers to scanf_fp.o(.text) for _scanf_real
    strtod.o(.text) refers to _sgetc.o(.text) for _sgetc
    strtod.o(.text) refers to isspace_c.o(.text) for isspace
    fadd.o(.text) refers to fepilogue.o(.text) for _float_epilogue
    fdiv.o(.text) refers to fepilogue.o(.text) for _float_round
    fsqrt.o(.text) refers to fepilogue.o(.text) for _float_round
    depilogue.o(.text) refers to llshl.o(.text) for __aeabi_llsl
    depilogue.o(.text) refers to llushr.o(.text) for __aeabi_llsr
    init.o(.text) refers to entry5.o(.ARM.Collect$$$$00000004) for __main_after_scatterload
    isspace_c.o(.text) refers to ctype_c.o(.text) for __ctype_lookup
    scanf_fp.o(.text) refers (Special) to iusefp.o(.text) for __I$use$fp
    scanf_fp.o(.text) refers to dfltul.o(.text) for __aeabi_ul2d
    scanf_fp.o(.text) refers to dmul.o(.text) for __aeabi_dmul
    scanf_fp.o(.text) refers to ddiv.o(.text) for __aeabi_ddiv
    scanf_fp.o(.text) refers to scanf_fp.o(i._is_digit) for _is_digit
    scanf_fp.o(.text) refers to d2f.o(.text) for __aeabi_d2f
    dsqrt.o(.text) refers to llushr.o(.text) for __aeabi_llsr
    dsqrt.o(.text) refers to depilogue.o(.text) for _double_round
    dfltui.o(.text) refers to depilogue.o(.text) for _double_epilogue
    ctype_c.o(.text) refers to ctype_c.o(.constdata) for .constdata
    dfltul.o(.text) refers to depilogue.o(.text) for _double_epilogue
    scanf_fp.o(i._is_digit) refers (Special) to iusefp.o(.text) for __I$use$fp


==============================================================================

Removing Unused input sections from the image.

    Removing startup_tm4c123.o(HEAP), (0 bytes).
    Removing main.o(.rev16_text), (4 bytes).
    Removing main.o(.revsh_text), (4 bytes).

3 unused section(s) (total 8 bytes) removed from the image.

==============================================================================

Image Symbol Table

    Local Symbols

    Symbol Name                              Value     Ov Type        Size  Object(Section)

    RESET                                    0x00000000   Section      620  startup_tm4c123.o(RESET)
    ../clib/microlib/ctype/ctype.c           0x00000000   Number         0  isspace_c.o ABSOLUTE
    ../clib/microlib/ctype/ctype.c           0x00000000   Number         0  ctype_c.o ABSOLUTE
    ../clib/microlib/errno.c                 0x00000000   Number         0  errno.o ABSOLUTE
    ../clib/microlib/init/entry.s            0x00000000   Number         0  entry10a.o ABSOLUTE
    ../clib/microlib/init/entry.s            0x00000000   Number         0  entry2.o ABSOLUTE
    ../clib/microlib/init/entry.s            0x00000000   Number         0  entry5.o ABSOLUTE
    ../clib/microlib/init/entry.s            0x00000000   Number         0  entry7a.o ABSOLUTE
    ../clib/microlib/init/entry.s            0x00000000   Number         0  entry7b.o ABSOLUTE
    ../clib/microlib/init/entry.s            0x00000000   Number         0  entry.o ABSOLUTE
    ../clib/microlib/init/entry.s            0x00000000   Number         0  entry8a.o ABSOLUTE
    ../clib/microlib/init/entry.s            0x00000000   Number         0  entry10b.o ABSOLUTE
    ../clib/microlib/init/entry.s            0x00000000   Number         0  entry8b.o ABSOLUTE
    ../clib/microlib/init/entry.s            0x00000000   Number         0  entry11a.o ABSOLUTE
    ../clib/microlib/init/entry.s            0x00000000   Number         0  entry9a.o ABSOLUTE
    ../clib/microlib/init/entry.s            0x00000000   Number         0  entry9b.o ABSOLUTE
    ../clib/microlib/init/entry.s            0x00000000   Number         0  entry11b.o ABSOLUTE
    ../clib/microlib/longlong.c              0x00000000   Number         0  llshl.o ABSOLUTE
    ../clib/microlib/longlong.c              0x00000000   Number         0  llushr.o ABSOLUTE
    ../clib/microlib/longlong.c              0x00000000   Number         0  llsshr.o ABSOLUTE
    ../clib/microlib/string/strtok.c         0x00000000   Number         0  strtok_r.o ABSOLUTE
    ../clib/microlib/string/strtok.c         0x00000000   Number         0  strtok.o ABSOLUTE
    ../clib/microlib/stubs.s                 0x00000000   Number         0  iusefp.o ABSOLUTE
    ../clib/scanf.c                          0x00000000   Number         0  _sgetc.o ABSOLUTE
    ../clib/scanf.c                          0x00000000   Number         0  strtod.o ABSOLUTE
    ../clib/scanf.c                          0x00000000   Number         0  scanf_fp.o ABSOLUTE
    ../fplib/microlib/d2f.c                  0x00000000   Number         0  d2f.o ABSOLUTE
    ../fplib/microlib/f2d.c                  0x00000000   Number         0  f2d.o ABSOLUTE
    ../fplib/microlib/fpadd.c                0x00000000   Number         0  fadd.o ABSOLUTE
    ../fplib/microlib/fpadd.c                0x00000000   Number         0  dadd.o ABSOLUTE
    ../fplib/microlib/fpdiv.c                0x00000000   Number         0  fdiv.o ABSOLUTE
    ../fplib/microlib/fpdiv.c                0x00000000   Number         0  ddiv.o ABSOLUTE
    ../fplib/microlib/fpepilogue.c           0x00000000   Number         0  depilogue.o ABSOLUTE
    ../fplib/microlib/fpepilogue.c           0x00000000   Number         0  fepilogue.o ABSOLUTE
    ../fplib/microlib/fpfix.c                0x00000000   Number         0  dfixi.o ABSOLUTE
    ../fplib/microlib/fpflt.c                0x00000000   Number         0  dfltul.o ABSOLUTE
    ../fplib/microlib/fpflt.c                0x00000000   Number         0  dflti.o ABSOLUTE
    ../fplib/microlib/fpflt.c                0x00000000   Number         0  fflti.o ABSOLUTE
    ../fplib/microlib/fpflt.c                0x00000000   Number         0  dfltui.o ABSOLUTE
    ../fplib/microlib/fpmul.c                0x00000000   Number         0  dmul.o ABSOLUTE
    ../fplib/microlib/fpmul.c                0x00000000   Number         0  fmul.o ABSOLUTE
    ../fplib/microlib/fpscalb.c              0x00000000   Number         0  fscalb.o ABSOLUTE
    ../fplib/microlib/fpscalb.c              0x00000000   Number         0  dscalb.o ABSOLUTE
    ../fplib/microlib/fpsqrt.c               0x00000000   Number         0  fsqrt.o ABSOLUTE
    ../fplib/microlib/fpsqrt.c               0x00000000   Number         0  dsqrt.o ABSOLUTE
    ../mathlib/asinf.c                       0x00000000   Number         0  asinf.o ABSOLUTE
    ../mathlib/asinf.c                       0x00000000   Number         0  asinf_x.o ABSOLUTE
    ../mathlib/atof.c                        0x00000000   Number         0  atof.o ABSOLUTE
    ../mathlib/cos.c                         0x00000000   Number         0  cos_x.o ABSOLUTE
    ../mathlib/cos.c                         0x00000000   Number         0  cos.o ABSOLUTE
    ../mathlib/cos_i.c                       0x00000000   Number         0  cos_i.o ABSOLUTE
    ../mathlib/dunder.c                      0x00000000   Number         0  dunder.o ABSOLUTE
    ../mathlib/fpclassify.c                  0x00000000   Number         0  fpclassify.o ABSOLUTE
    ../mathlib/fpclassifyf.c                 0x00000000   Number         0  fpclassifyf.o ABSOLUTE
    ../mathlib/funder.c                      0x00000000   Number         0  funder.o ABSOLUTE
    ../mathlib/poly.c                        0x00000000   Number         0  poly.o ABSOLUTE
    ../mathlib/pow.c                         0x00000000   Number         0  pow_x.o ABSOLUTE
    ../mathlib/pow.c                         0x00000000   Number         0  pow.o ABSOLUTE
    ../mathlib/qnan.c                        0x00000000   Number         0  qnan.o ABSOLUTE
    ../mathlib/rred.c                        0x00000000   Number         0  rred.o ABSOLUTE
    ../mathlib/sin.c                         0x00000000   Number         0  sin_x.o ABSOLUTE
    ../mathlib/sin.c                         0x00000000   Number         0  sin.o ABSOLUTE
    ../mathlib/sin_i.c                       0x00000000   Number         0  sin_i_x.o ABSOLUTE
    ../mathlib/sin_i.c                       0x00000000   Number         0  sin_i.o ABSOLUTE
    ../mathlib/sqrt.c                        0x00000000   Number         0  sqrt.o ABSOLUTE
    ../mathlib/sqrt.c                        0x00000000   Number         0  sqrt_x.o ABSOLUTE
    ../mathlib/sqrtf.c                       0x00000000   Number         0  sqrtf.o ABSOLUTE
    ../mathlib/sqrtf.c                       0x00000000   Number         0  sqrtf_x.o ABSOLUTE
    cdcmple.s                                0x00000000   Number         0  cdcmple.o ABSOLUTE
    cdrcmple.s                               0x00000000   Number         0  cdrcmple.o ABSOLUTE
    dc.s                                     0x00000000   Number         0  dc.o ABSOLUTE
    handlers.s                               0x00000000   Number         0  handlers.o ABSOLUTE
    init.s                                   0x00000000   Number         0  init.o ABSOLUTE
    main.c                                   0x00000000   Number         0  main.o ABSOLUTE
    main.c                                   0x00000000   Number         0  main.o ABSOLUTE
    startup_TM4C123.s                        0x00000000   Number         0  startup_tm4c123.o ABSOLUTE
    .ARM.Collect$$$$00000000                 0x0000026c   Section        0  entry.o(.ARM.Collect$$$$00000000)
    .ARM.Collect$$$$00000001                 0x0000026c   Section        4  entry2.o(.ARM.Collect$$$$00000001)
    .ARM.Collect$$$$00000004                 0x00000270   Section        4  entry5.o(.ARM.Collect$$$$00000004)
    .ARM.Collect$$$$00000008                 0x00000274   Section        0  entry7b.o(.ARM.Collect$$$$00000008)
    .ARM.Collect$$$$0000000A                 0x00000274   Section        0  entry8b.o(.ARM.Collect$$$$0000000A)
    .ARM.Collect$$$$0000000B                 0x00000274   Section        8  entry9a.o(.ARM.Collect$$$$0000000B)
    .ARM.Collect$$$$0000000D                 0x0000027c   Section        0  entry10a.o(.ARM.Collect$$$$0000000D)
    .ARM.Collect$$$$0000000F                 0x0000027c   Section        0  entry11a.o(.ARM.Collect$$$$0000000F)
    .ARM.Collect$$$$00002712                 0x0000027c   Section        4  entry2.o(.ARM.Collect$$$$00002712)
    __lit__00000000                          0x0000027c   Data           4  entry2.o(.ARM.Collect$$$$00002712)
    .text                                    0x00000280   Section      252  startup_tm4c123.o(.text)
    .text                                    0x0000037c   Section        0  main.o(.text)
    .text                                    0x000016e0   Section        0  strtok.o(.text)
    .text                                    0x00001724   Section        0  fmul.o(.text)
    .text                                    0x00001790   Section        0  dadd.o(.text)
    .text                                    0x000018de   Section        0  dmul.o(.text)
    .text                                    0x000019c2   Section        0  ddiv.o(.text)
    .text                                    0x00001aa0   Section        0  fflti.o(.text)
    .text                                    0x00001ab2   Section        0  dflti.o(.text)
    .text                                    0x00001ad4   Section        0  dfixi.o(.text)
    .text                                    0x00001b12   Section        0  f2d.o(.text)
    .text                                    0x00001b38   Section       40  cdcmple.o(.text)
    .text                                    0x00001b60   Section       40  cdrcmple.o(.text)
    .text                                    0x00001b88   Section        0  d2f.o(.text)
    .text                                    0x00001bc0   Section        0  llshl.o(.text)
    .text                                    0x00001bde   Section        0  llushr.o(.text)
    .text                                    0x00001bfe   Section        0  llsshr.o(.text)
    .text                                    0x00001c24   Section        0  strtod.o(.text)
    _local_sscanf                            0x00001c25   Thumb Code    54  strtod.o(.text)
    .text                                    0x00001cc0   Section        0  fepilogue.o(.text)
    .text                                    0x00001cc0   Section        0  iusefp.o(.text)
    .text                                    0x00001d2c   Section        0  fadd.o(.text)
    .text                                    0x00001ddc   Section        0  fdiv.o(.text)
    .text                                    0x00001e5c   Section        0  fscalb.o(.text)
    .text                                    0x00001e74   Section        0  fsqrt.o(.text)
    .text                                    0x00001ed2   Section        0  depilogue.o(.text)
    .text                                    0x00001f90   Section        0  dscalb.o(.text)
    .text                                    0x00001fc0   Section       36  init.o(.text)
    .text                                    0x00001fe4   Section        0  isspace_c.o(.text)
    .text                                    0x00001ff0   Section        0  scanf_fp.o(.text)
    _fp_value                                0x00001ff1   Thumb Code   256  scanf_fp.o(.text)
    .text                                    0x0000232c   Section        0  _sgetc.o(.text)
    .text                                    0x0000236c   Section        0  dsqrt.o(.text)
    .text                                    0x0000240e   Section        0  dfltui.o(.text)
    .text                                    0x00002428   Section        0  ctype_c.o(.text)
    .text                                    0x00002450   Section        0  dfltul.o(.text)
    i.__ARM_fpclassify                       0x00002468   Section        0  fpclassify.o(i.__ARM_fpclassify)
    i.__ARM_fpclassifyf                      0x00002490   Section        0  fpclassifyf.o(i.__ARM_fpclassifyf)
    i.__ieee754_rem_pio2                     0x000024b8   Section        0  rred.o(i.__ieee754_rem_pio2)
    i.__kernel_cos                           0x00002840   Section        0  cos_i.o(i.__kernel_cos)
    i.__kernel_poly                          0x0000293c   Section        0  poly.o(i.__kernel_poly)
    i.__kernel_sin                           0x000029e8   Section        0  sin_i.o(i.__kernel_sin)
    i.__mathlib_dbl_underflow                0x00002ad4   Section        0  dunder.o(i.__mathlib_dbl_underflow)
    i.__mathlib_flt_underflow                0x00002ae4   Section        0  funder.o(i.__mathlib_flt_underflow)
    i.__read_errno                           0x00002af0   Section        0  errno.o(i.__read_errno)
    i.__scatterload_copy                     0x00002afc   Section       14  handlers.o(i.__scatterload_copy)
    i.__scatterload_null                     0x00002b0a   Section        2  handlers.o(i.__scatterload_null)
    i.__scatterload_zeroinit                 0x00002b0c   Section       14  handlers.o(i.__scatterload_zeroinit)
    i.__set_errno                            0x00002b1c   Section        0  errno.o(i.__set_errno)
    i._is_digit                              0x00002b28   Section        0  scanf_fp.o(i._is_digit)
    i.asinf                                  0x00002b38   Section        0  asinf.o(i.asinf)
    i.atof                                   0x00002c60   Section        0  atof.o(i.atof)
    i.cos                                    0x00002c8c   Section        0  cos.o(i.cos)
    i.pow                                    0x00002d38   Section        0  pow.o(i.pow)
    i.sin                                    0x00003718   Section        0  sin.o(i.sin)
    i.sqrt                                   0x000037c8   Section        0  sqrt.o(i.sqrt)
    i.sqrtf                                  0x00003814   Section        0  sqrtf.o(i.sqrtf)
    .constdata                               0x00003840   Section      136  pow.o(.constdata)
    bp                                       0x00003840   Data          16  pow.o(.constdata)
    dp_h                                     0x00003850   Data          16  pow.o(.constdata)
    dp_l                                     0x00003860   Data          16  pow.o(.constdata)
    L                                        0x00003870   Data          48  pow.o(.constdata)
    P                                        0x000038a0   Data          40  pow.o(.constdata)
    .constdata                               0x000038c8   Section       48  cos_i.o(.constdata)
    C                                        0x000038c8   Data          48  cos_i.o(.constdata)
    .constdata                               0x000038f8   Section        8  qnan.o(.constdata)
    .constdata                               0x00003900   Section      200  rred.o(.constdata)
    pio2s                                    0x00003900   Data          48  rred.o(.constdata)
    twooverpi                                0x00003930   Data         152  rred.o(.constdata)
    .constdata                               0x000039c8   Section       40  sin_i.o(.constdata)
    S                                        0x000039c8   Data          40  sin_i.o(.constdata)
    .constdata                               0x000039f0   Section       64  ctype_c.o(.constdata)
    .data                                    0x20000000   Section      128  main.o(.data)
    .data                                    0x20000080   Section        4  strtok.o(.data)
    state                                    0x20000080   Data           4  strtok.o(.data)
    .data                                    0x20000084   Section        4  errno.o(.data)
    _errno                                   0x20000084   Data           4  errno.o(.data)
    .bss                                     0x20000088   Section      210  main.o(.bss)
    STACK                                    0x20000160   Section      512  startup_tm4c123.o(STACK)

    Global Symbols

    Symbol Name                              Value     Ov Type        Size  Object(Section)

    BuildAttributes$$THM_ISAv4$E$P$D$K$B$S$7EM$PE$A:L22UL41UL21$X:L11$S22US41US21$IEEE1$IW$USESV6$~STKCKD$USESV7$~SHL$OTIME$ROPI$IEEEX$EBA8$MICROLIB$REQ8$PRES8$EABIv2 0x00000000   Number         0  anon$$obj.o ABSOLUTE
    __ARM_use_no_argv                        0x00000000   Number         0  main.o ABSOLUTE
    __Vectors                                0x00000000   Data           4  startup_tm4c123.o(RESET)
    __cpp_initialize__aeabi_                  - Undefined Weak Reference
    __cxa_finalize                            - Undefined Weak Reference
    __decompress                              - Undefined Weak Reference
    _clock_init                               - Undefined Weak Reference
    _microlib_exit                            - Undefined Weak Reference
    __Vectors_End                            0x0000026c   Data           0  startup_tm4c123.o(RESET)
    __Vectors_Size                           0x0000026c   Number         0  startup_tm4c123.o ABSOLUTE
    __main                                   0x0000026d   Thumb Code     0  entry.o(.ARM.Collect$$$$00000000)
    _main_stk                                0x0000026d   Thumb Code     0  entry2.o(.ARM.Collect$$$$00000001)
    _main_scatterload                        0x00000271   Thumb Code     0  entry5.o(.ARM.Collect$$$$00000004)
    __main_after_scatterload                 0x00000275   Thumb Code     0  entry5.o(.ARM.Collect$$$$00000004)
    _main_clock                              0x00000275   Thumb Code     0  entry7b.o(.ARM.Collect$$$$00000008)
    _main_cpp_init                           0x00000275   Thumb Code     0  entry8b.o(.ARM.Collect$$$$0000000A)
    _main_init                               0x00000275   Thumb Code     0  entry9a.o(.ARM.Collect$$$$0000000B)
    __rt_final_cpp                           0x0000027d   Thumb Code     0  entry10a.o(.ARM.Collect$$$$0000000D)
    __rt_final_exit                          0x0000027d   Thumb Code     0  entry11a.o(.ARM.Collect$$$$0000000F)
    Reset_Handler                            0x00000281   Thumb Code     8  startup_tm4c123.o(.text)
    NMI_Handler                              0x00000289   Thumb Code     2  startup_tm4c123.o(.text)
    HardFault_Handler                        0x0000028b   Thumb Code     2  startup_tm4c123.o(.text)
    MemManage_Handler                        0x0000028d   Thumb Code     2  startup_tm4c123.o(.text)
    BusFault_Handler                         0x0000028f   Thumb Code     2  startup_tm4c123.o(.text)
    UsageFault_Handler                       0x00000291   Thumb Code     2  startup_tm4c123.o(.text)
    SVC_Handler                              0x00000293   Thumb Code     2  startup_tm4c123.o(.text)
    DebugMon_Handler                         0x00000295   Thumb Code     2  startup_tm4c123.o(.text)
    PendSV_Handler                           0x00000297   Thumb Code     2  startup_tm4c123.o(.text)
    SysTick_Handler                          0x00000299   Thumb Code     2  startup_tm4c123.o(.text)
    GPIOA_Handler                            0x0000029b   Thumb Code     2  startup_tm4c123.o(.text)
    GPIOB_Handler                            0x0000029d   Thumb Code     2  startup_tm4c123.o(.text)
    GPIOC_Handler                            0x0000029f   Thumb Code     2  startup_tm4c123.o(.text)
    GPIOD_Handler                            0x000002a1   Thumb Code     2  startup_tm4c123.o(.text)
    GPIOE_Handler                            0x000002a3   Thumb Code     2  startup_tm4c123.o(.text)
    UART0_Handler                            0x000002a5   Thumb Code     2  startup_tm4c123.o(.text)
    UART1_Handler                            0x000002a7   Thumb Code     2  startup_tm4c123.o(.text)
    SSI0_Handler                             0x000002a9   Thumb Code     2  startup_tm4c123.o(.text)
    I2C0_Handler                             0x000002ab   Thumb Code     2  startup_tm4c123.o(.text)
    PMW0_FAULT_Handler                       0x000002ad   Thumb Code     2  startup_tm4c123.o(.text)
    PWM0_0_Handler                           0x000002af   Thumb Code     2  startup_tm4c123.o(.text)
    PWM0_1_Handler                           0x000002b1   Thumb Code     2  startup_tm4c123.o(.text)
    PWM0_2_Handler                           0x000002b3   Thumb Code     2  startup_tm4c123.o(.text)
    QEI0_Handler                             0x000002b5   Thumb Code     2  startup_tm4c123.o(.text)
    ADC0SS0_Handler                          0x000002b7   Thumb Code     2  startup_tm4c123.o(.text)
    ADC0SS1_Handler                          0x000002b9   Thumb Code     2  startup_tm4c123.o(.text)
    ADC0SS2_Handler                          0x000002bb   Thumb Code     2  startup_tm4c123.o(.text)
    ADC0SS3_Handler                          0x000002bd   Thumb Code     2  startup_tm4c123.o(.text)
    WDT0_Handler                             0x000002bf   Thumb Code     2  startup_tm4c123.o(.text)
    TIMER0A_Handler                          0x000002c1   Thumb Code     2  startup_tm4c123.o(.text)
    TIMER0B_Handler                          0x000002c3   Thumb Code     2  startup_tm4c123.o(.text)
    TIMER1A_Handler                          0x000002c5   Thumb Code     2  startup_tm4c123.o(.text)
    TIMER1B_Handler                          0x000002c7   Thumb Code     2  startup_tm4c123.o(.text)
    TIMER2A_Handler                          0x000002c9   Thumb Code     2  startup_tm4c123.o(.text)
    TIMER2B_Handler                          0x000002cb   Thumb Code     2  startup_tm4c123.o(.text)
    COMP0_Handler                            0x000002cd   Thumb Code     2  startup_tm4c123.o(.text)
    COMP1_Handler                            0x000002cf   Thumb Code     2  startup_tm4c123.o(.text)
    COMP2_Handler                            0x000002d1   Thumb Code     2  startup_tm4c123.o(.text)
    SYSCTL_Handler                           0x000002d3   Thumb Code     2  startup_tm4c123.o(.text)
    FLASH_Handler                            0x000002d5   Thumb Code     2  startup_tm4c123.o(.text)
    GPIOF_Handler                            0x000002d7   Thumb Code     2  startup_tm4c123.o(.text)
    GPIOG_Handler                            0x000002d9   Thumb Code     2  startup_tm4c123.o(.text)
    GPIOH_Handler                            0x000002db   Thumb Code     2  startup_tm4c123.o(.text)
    UART2_Handler                            0x000002dd   Thumb Code     2  startup_tm4c123.o(.text)
    SSI1_Handler                             0x000002df   Thumb Code     2  startup_tm4c123.o(.text)
    TIMER3A_Handler                          0x000002e1   Thumb Code     2  startup_tm4c123.o(.text)
    TIMER3B_Handler                          0x000002e3   Thumb Code     2  startup_tm4c123.o(.text)
    I2C1_Handler                             0x000002e5   Thumb Code     2  startup_tm4c123.o(.text)
    QEI1_Handler                             0x000002e7   Thumb Code     2  startup_tm4c123.o(.text)
    CAN0_Handler                             0x000002e9   Thumb Code     2  startup_tm4c123.o(.text)
    CAN1_Handler                             0x000002eb   Thumb Code     2  startup_tm4c123.o(.text)
    CAN2_Handler                             0x000002ed   Thumb Code     2  startup_tm4c123.o(.text)
    HIB_Handler                              0x000002ef   Thumb Code     2  startup_tm4c123.o(.text)
    USB0_Handler                             0x000002f1   Thumb Code     2  startup_tm4c123.o(.text)
    PWM0_3_Handler                           0x000002f3   Thumb Code     2  startup_tm4c123.o(.text)
    UDMA_Handler                             0x000002f5   Thumb Code     2  startup_tm4c123.o(.text)
    UDMAERR_Handler                          0x000002f7   Thumb Code     2  startup_tm4c123.o(.text)
    ADC1SS0_Handler                          0x000002f9   Thumb Code     2  startup_tm4c123.o(.text)
    ADC1SS1_Handler                          0x000002fb   Thumb Code     2  startup_tm4c123.o(.text)
    ADC1SS2_Handler                          0x000002fd   Thumb Code     2  startup_tm4c123.o(.text)
    ADC1SS3_Handler                          0x000002ff   Thumb Code     2  startup_tm4c123.o(.text)
    GPIOJ_Handler                            0x00000301   Thumb Code     2  startup_tm4c123.o(.text)
    GPIOK_Handler                            0x00000303   Thumb Code     2  startup_tm4c123.o(.text)
    GPIOL_Handler                            0x00000305   Thumb Code     2  startup_tm4c123.o(.text)
    SSI2_Handler                             0x00000307   Thumb Code     2  startup_tm4c123.o(.text)
    SSI3_Handler                             0x00000309   Thumb Code     2  startup_tm4c123.o(.text)
    UART3_Handler                            0x0000030b   Thumb Code     2  startup_tm4c123.o(.text)
    UART4_Handler                            0x0000030d   Thumb Code     2  startup_tm4c123.o(.text)
    UART5_Handler                            0x0000030f   Thumb Code     2  startup_tm4c123.o(.text)
    UART6_Handler                            0x00000311   Thumb Code     2  startup_tm4c123.o(.text)
    UART7_Handler                            0x00000313   Thumb Code     2  startup_tm4c123.o(.text)
    I2C2_Handler                             0x00000315   Thumb Code     2  startup_tm4c123.o(.text)
    I2C3_Handler                             0x00000317   Thumb Code     2  startup_tm4c123.o(.text)
    TIMER4A_Handler                          0x00000319   Thumb Code     2  startup_tm4c123.o(.text)
    TIMER4B_Handler                          0x0000031b   Thumb Code     2  startup_tm4c123.o(.text)
    TIMER5A_Handler                          0x0000031d   Thumb Code     2  startup_tm4c123.o(.text)
    TIMER5B_Handler                          0x0000031f   Thumb Code     2  startup_tm4c123.o(.text)
    WTIMER0A_Handler                         0x00000321   Thumb Code     2  startup_tm4c123.o(.text)
    WTIMER0B_Handler                         0x00000323   Thumb Code     2  startup_tm4c123.o(.text)
    WTIMER1A_Handler                         0x00000325   Thumb Code     2  startup_tm4c123.o(.text)
    WTIMER1B_Handler                         0x00000327   Thumb Code     2  startup_tm4c123.o(.text)
    WTIMER2A_Handler                         0x00000329   Thumb Code     2  startup_tm4c123.o(.text)
    WTIMER2B_Handler                         0x0000032b   Thumb Code     2  startup_tm4c123.o(.text)
    WTIMER3A_Handler                         0x0000032d   Thumb Code     2  startup_tm4c123.o(.text)
    WTIMER3B_Handler                         0x0000032f   Thumb Code     2  startup_tm4c123.o(.text)
    WTIMER4A_Handler                         0x00000331   Thumb Code     2  startup_tm4c123.o(.text)
    WTIMER4B_Handler                         0x00000333   Thumb Code     2  startup_tm4c123.o(.text)
    WTIMER5A_Handler                         0x00000335   Thumb Code     2  startup_tm4c123.o(.text)
    WTIMER5B_Handler                         0x00000337   Thumb Code     2  startup_tm4c123.o(.text)
    FPU_Handler                              0x00000339   Thumb Code     2  startup_tm4c123.o(.text)
    I2C4_Handler                             0x0000033b   Thumb Code     2  startup_tm4c123.o(.text)
    I2C5_Handler                             0x0000033d   Thumb Code     2  startup_tm4c123.o(.text)
    GPIOM_Handler                            0x0000033f   Thumb Code     2  startup_tm4c123.o(.text)
    GPION_Handler                            0x00000341   Thumb Code     2  startup_tm4c123.o(.text)
    QEI2_Handler                             0x00000343   Thumb Code     2  startup_tm4c123.o(.text)
    GPIOP0_Handler                           0x00000345   Thumb Code     2  startup_tm4c123.o(.text)
    GPIOP1_Handler                           0x00000347   Thumb Code     2  startup_tm4c123.o(.text)
    GPIOP2_Handler                           0x00000349   Thumb Code     2  startup_tm4c123.o(.text)
    GPIOP3_Handler                           0x0000034b   Thumb Code     2  startup_tm4c123.o(.text)
    GPIOP4_Handler                           0x0000034d   Thumb Code     2  startup_tm4c123.o(.text)
    GPIOP5_Handler                           0x0000034f   Thumb Code     2  startup_tm4c123.o(.text)
    GPIOP6_Handler                           0x00000351   Thumb Code     2  startup_tm4c123.o(.text)
    GPIOP7_Handler                           0x00000353   Thumb Code     2  startup_tm4c123.o(.text)
    GPIOQ0_Handler                           0x00000355   Thumb Code     2  startup_tm4c123.o(.text)
    GPIOQ1_Handler                           0x00000357   Thumb Code     2  startup_tm4c123.o(.text)
    GPIOQ2_Handler                           0x00000359   Thumb Code     2  startup_tm4c123.o(.text)
    GPIOQ3_Handler                           0x0000035b   Thumb Code     2  startup_tm4c123.o(.text)
    GPIOQ4_Handler                           0x0000035d   Thumb Code     2  startup_tm4c123.o(.text)
    GPIOQ5_Handler                           0x0000035f   Thumb Code     2  startup_tm4c123.o(.text)
    GPIOQ6_Handler                           0x00000361   Thumb Code     2  startup_tm4c123.o(.text)
    GPIOQ7_Handler                           0x00000363   Thumb Code     2  startup_tm4c123.o(.text)
    GPIOR_Handler                            0x00000365   Thumb Code     2  startup_tm4c123.o(.text)
    GPIOS_Handler                            0x00000367   Thumb Code     2  startup_tm4c123.o(.text)
    PMW1_0_Handler                           0x00000369   Thumb Code     2  startup_tm4c123.o(.text)
    PWM1_1_Handler                           0x0000036b   Thumb Code     2  startup_tm4c123.o(.text)
    PWM1_2_Handler                           0x0000036d   Thumb Code     2  startup_tm4c123.o(.text)
    PWM1_3_Handler                           0x0000036f   Thumb Code     2  startup_tm4c123.o(.text)
    PWM1_FAULT_Handler                       0x00000371   Thumb Code     2  startup_tm4c123.o(.text)
    PORTF_init                               0x0000037d   Thumb Code    88  main.o(.text)
    led_on                                   0x000003d5   Thumb Code    68  main.o(.text)
    isHere                                   0x00000419   Thumb Code   122  main.o(.text)
    segments_initialize                      0x00000493   Thumb Code   406  main.o(.text)
    hundreds_digit                           0x00000629   Thumb Code   776  main.o(.text)
    tens_digit                               0x00000931   Thumb Code   712  main.o(.text)
    ones_digit                               0x00000bf9   Thumb Code   676  main.o(.text)
    print                                    0x00000e9d   Thumb Code    52  main.o(.text)
    initUART1                                0x00000ed1   Thumb Code   144  main.o(.text)
    readUART1                                0x00000f61   Thumb Code    20  main.o(.text)
    writeUART1                               0x00000f75   Thumb Code    18  main.o(.text)
    initUART5                                0x00000f87   Thumb Code   184  main.o(.text)
    readUART5                                0x0000103f   Thumb Code    20  main.o(.text)
    writeUART5                               0x00001053   Thumb Code    18  main.o(.text)
    split_GPGGA                              0x00001065   Thumb Code    72  main.o(.text)
    extract_GPGGA_message                    0x000010ad   Thumb Code   140  main.o(.text)
    getLatitude                              0x00001139   Thumb Code    12  main.o(.text)
    getLongitude                             0x00001145   Thumb Code    12  main.o(.text)
    validity                                 0x00001151   Thumb Code    42  main.o(.text)
    distanceBetweenTwoPoints                 0x0000117b   Thumb Code   800  main.o(.text)
    buzzer_initialize                        0x0000149b   Thumb Code    98  main.o(.text)
    buzzer_on                                0x000014fd   Thumb Code    56  main.o(.text)
    SystemInit                               0x00001535   Thumb Code    14  main.o(.text)
    main                                     0x00001543   Thumb Code   346  main.o(.text)
    strtok                                   0x000016e1   Thumb Code    62  strtok.o(.text)
    __aeabi_fmul                             0x00001725   Thumb Code   108  fmul.o(.text)
    __aeabi_dadd                             0x00001791   Thumb Code   322  dadd.o(.text)
    __aeabi_dsub                             0x000018d3   Thumb Code     6  dadd.o(.text)
    __aeabi_drsub                            0x000018d9   Thumb Code     6  dadd.o(.text)
    __aeabi_dmul                             0x000018df   Thumb Code   228  dmul.o(.text)
    __aeabi_ddiv                             0x000019c3   Thumb Code   222  ddiv.o(.text)
    __aeabi_i2f                              0x00001aa1   Thumb Code    18  fflti.o(.text)
    __aeabi_i2d                              0x00001ab3   Thumb Code    34  dflti.o(.text)
    __aeabi_d2iz                             0x00001ad5   Thumb Code    62  dfixi.o(.text)
    __aeabi_f2d                              0x00001b13   Thumb Code    38  f2d.o(.text)
    __aeabi_cdcmpeq                          0x00001b39   Thumb Code     0  cdcmple.o(.text)
    __aeabi_cdcmple                          0x00001b39   Thumb Code    38  cdcmple.o(.text)
    __aeabi_cdrcmple                         0x00001b61   Thumb Code    38  cdrcmple.o(.text)
    __aeabi_d2f                              0x00001b89   Thumb Code    56  d2f.o(.text)
    __aeabi_llsl                             0x00001bc1   Thumb Code    30  llshl.o(.text)
    _ll_shift_l                              0x00001bc1   Thumb Code     0  llshl.o(.text)
    __aeabi_llsr                             0x00001bdf   Thumb Code    32  llushr.o(.text)
    _ll_ushift_r                             0x00001bdf   Thumb Code     0  llushr.o(.text)
    __aeabi_lasr                             0x00001bff   Thumb Code    36  llsshr.o(.text)
    _ll_sshift_r                             0x00001bff   Thumb Code     0  llsshr.o(.text)
    __strtod_int                             0x00001c5b   Thumb Code    88  strtod.o(.text)
    __I$use$fp                               0x00001cc1   Thumb Code     0  iusefp.o(.text)
    _float_round                             0x00001cc1   Thumb Code    18  fepilogue.o(.text)
    _float_epilogue                          0x00001cd3   Thumb Code    90  fepilogue.o(.text)
    __aeabi_fadd                             0x00001d2d   Thumb Code   164  fadd.o(.text)
    __aeabi_fsub                             0x00001dd1   Thumb Code     6  fadd.o(.text)
    __aeabi_frsub                            0x00001dd7   Thumb Code     6  fadd.o(.text)
    __aeabi_fdiv                             0x00001ddd   Thumb Code   128  fdiv.o(.text)
    __ARM_scalbnf                            0x00001e5d   Thumb Code    24  fscalb.o(.text)
    scalbnf                                  0x00001e5d   Thumb Code     0  fscalb.o(.text)
    _fsqrt                                   0x00001e75   Thumb Code    94  fsqrt.o(.text)
    _double_round                            0x00001ed3   Thumb Code    26  depilogue.o(.text)
    _double_epilogue                         0x00001eed   Thumb Code   164  depilogue.o(.text)
    __ARM_scalbn                             0x00001f91   Thumb Code    46  dscalb.o(.text)
    scalbn                                   0x00001f91   Thumb Code     0  dscalb.o(.text)
    __scatterload                            0x00001fc1   Thumb Code    28  init.o(.text)
    __scatterload_rt2                        0x00001fc1   Thumb Code     0  init.o(.text)
    isspace                                  0x00001fe5   Thumb Code    10  isspace_c.o(.text)
    _scanf_real                              0x000020f1   Thumb Code     0  scanf_fp.o(.text)
    _scanf_really_real                       0x000020f1   Thumb Code   560  scanf_fp.o(.text)
    _sgetc                                   0x0000232d   Thumb Code    30  _sgetc.o(.text)
    _sbackspace                              0x0000234b   Thumb Code    34  _sgetc.o(.text)
    _dsqrt                                   0x0000236d   Thumb Code   162  dsqrt.o(.text)
    __aeabi_ui2d                             0x0000240f   Thumb Code    26  dfltui.o(.text)
    __ctype_lookup                           0x00002429   Thumb Code    34  ctype_c.o(.text)
    __aeabi_ul2d                             0x00002451   Thumb Code    24  dfltul.o(.text)
    __ARM_fpclassify                         0x00002469   Thumb Code    40  fpclassify.o(i.__ARM_fpclassify)
    __ARM_fpclassifyf                        0x00002491   Thumb Code    38  fpclassifyf.o(i.__ARM_fpclassifyf)
    __ieee754_rem_pio2                       0x000024b9   Thumb Code   832  rred.o(i.__ieee754_rem_pio2)
    __kernel_cos                             0x00002841   Thumb Code   230  cos_i.o(i.__kernel_cos)
    __kernel_poly                            0x0000293d   Thumb Code   170  poly.o(i.__kernel_poly)
    __kernel_sin                             0x000029e9   Thumb Code   224  sin_i.o(i.__kernel_sin)
    __mathlib_dbl_underflow                  0x00002ad5   Thumb Code    10  dunder.o(i.__mathlib_dbl_underflow)
    __mathlib_flt_underflow                  0x00002ae5   Thumb Code    10  funder.o(i.__mathlib_flt_underflow)
    __read_errno                             0x00002af1   Thumb Code     6  errno.o(i.__read_errno)
    __scatterload_copy                       0x00002afd   Thumb Code    14  handlers.o(i.__scatterload_copy)
    __scatterload_null                       0x00002b0b   Thumb Code     2  handlers.o(i.__scatterload_null)
    __scatterload_zeroinit                   0x00002b0d   Thumb Code    14  handlers.o(i.__scatterload_zeroinit)
    __set_errno                              0x00002b1d   Thumb Code     6  errno.o(i.__set_errno)
    _is_digit                                0x00002b29   Thumb Code    14  scanf_fp.o(i._is_digit)
    asinf                                    0x00002b39   Thumb Code   260  asinf.o(i.asinf)
    atof                                     0x00002c61   Thumb Code    42  atof.o(i.atof)
    cos                                      0x00002c8d   Thumb Code   164  cos.o(i.cos)
    pow                                      0x00002d39   Thumb Code  2510  pow.o(i.pow)
    sin                                      0x00003719   Thumb Code   166  sin.o(i.sin)
    sqrt                                     0x000037c9   Thumb Code    76  sqrt.o(i.sqrt)
    sqrtf                                    0x00003815   Thumb Code    44  sqrtf.o(i.sqrtf)
    __mathlib_zero                           0x000038f8   Data           8  qnan.o(.constdata)
    __ctype_categories                       0x000039f0   Data          64  ctype_c.o(.constdata)
    Region$$Table$$Base                      0x00003a30   Number         0  anon$$obj.o(Region$$Table)
    Region$$Table$$Limit                     0x00003a50   Number         0  anon$$obj.o(Region$$Table)
    glbl_long                                0x20000000   Data           8  main.o(.data)
    glbl_lat                                 0x20000008   Data           8  main.o(.data)
    error_range                              0x20000010   Data           8  main.o(.data)
    D_EarthDiameter                          0x20000018   Data           4  main.o(.data)
    distance                                 0x20000020   Data           8  main.o(.data)
    i                                        0x20000028   Data           4  main.o(.data)
    lat_diff                                 0x20000030   Data           8  main.o(.data)
    long_diff                                0x20000038   Data           8  main.o(.data)
    under_sqrt                               0x20000040   Data           8  main.o(.data)
    flt_sqrt                                 0x20000048   Data           8  main.o(.data)
    haversineDistance                        0x20000050   Data           8  main.o(.data)
    prev_lat                                 0x20000058   Data           8  main.o(.data)
    prev_long                                0x20000060   Data           8  main.o(.data)
    current_lat                              0x20000068   Data           8  main.o(.data)
    current_long                             0x20000070   Data           8  main.o(.data)
    data_length                              0x20000078   Data           4  main.o(.data)
    delay                                    0x2000007c   Data           4  main.o(.data)
    data                                     0x20000088   Data          60  main.o(.bss)
    str                                      0x200000c4   Data         150  main.o(.bss)
    __initial_sp                             0x20000360   Data           0  startup_tm4c123.o(STACK)



==============================================================================

Memory Map of the image

  Image Entry point : 0x00000281

  Load Region LR_1 (Base: 0x00000000, Size: 0x00003ad8, Max: 0xffffffff, ABSOLUTE)

    Execution Region ER_RO (Base: 0x00000000, Size: 0x00003a50, Max: 0xffffffff, ABSOLUTE)

    Base Addr    Size         Type   Attr      Idx    E Section Name        Object

    0x00000000   0x0000026c   Data   RO            3    RESET               startup_tm4c123.o
    0x0000026c   0x00000000   Code   RO          145  * .ARM.Collect$$$$00000000  mc_w.l(entry.o)
    0x0000026c   0x00000004   Code   RO          209    .ARM.Collect$$$$00000001  mc_w.l(entry2.o)
    0x00000270   0x00000004   Code   RO          212    .ARM.Collect$$$$00000004  mc_w.l(entry5.o)
    0x00000274   0x00000000   Code   RO          214    .ARM.Collect$$$$00000008  mc_w.l(entry7b.o)
    0x00000274   0x00000000   Code   RO          216    .ARM.Collect$$$$0000000A  mc_w.l(entry8b.o)
    0x00000274   0x00000008   Code   RO          217    .ARM.Collect$$$$0000000B  mc_w.l(entry9a.o)
    0x0000027c   0x00000000   Code   RO          219    .ARM.Collect$$$$0000000D  mc_w.l(entry10a.o)
    0x0000027c   0x00000000   Code   RO          221    .ARM.Collect$$$$0000000F  mc_w.l(entry11a.o)
    0x0000027c   0x00000004   Code   RO          210    .ARM.Collect$$$$00002712  mc_w.l(entry2.o)
    0x00000280   0x000000fc   Code   RO            4  * .text               startup_tm4c123.o
    0x0000037c   0x00001364   Code   RO           12    .text               main.o
    0x000016e0   0x00000044   Code   RO          148    .text               mc_w.l(strtok.o)
    0x00001724   0x0000006c   Code   RO          154    .text               mf_w.l(fmul.o)
    0x00001790   0x0000014e   Code   RO          156    .text               mf_w.l(dadd.o)
    0x000018de   0x000000e4   Code   RO          158    .text               mf_w.l(dmul.o)
    0x000019c2   0x000000de   Code   RO          160    .text               mf_w.l(ddiv.o)
    0x00001aa0   0x00000012   Code   RO          162    .text               mf_w.l(fflti.o)
    0x00001ab2   0x00000022   Code   RO          164    .text               mf_w.l(dflti.o)
    0x00001ad4   0x0000003e   Code   RO          166    .text               mf_w.l(dfixi.o)
    0x00001b12   0x00000026   Code   RO          168    .text               mf_w.l(f2d.o)
    0x00001b38   0x00000028   Code   RO          170    .text               mf_w.l(cdcmple.o)
    0x00001b60   0x00000028   Code   RO          172    .text               mf_w.l(cdrcmple.o)
    0x00001b88   0x00000038   Code   RO          174    .text               mf_w.l(d2f.o)
    0x00001bc0   0x0000001e   Code   RO          223    .text               mc_w.l(llshl.o)
    0x00001bde   0x00000020   Code   RO          225    .text               mc_w.l(llushr.o)
    0x00001bfe   0x00000024   Code   RO          227    .text               mc_w.l(llsshr.o)
    0x00001c22   0x00000002   PAD
    0x00001c24   0x0000009c   Code   RO          236    .text               mc_w.l(strtod.o)
    0x00001cc0   0x00000000   Code   RO          238    .text               mc_w.l(iusefp.o)
    0x00001cc0   0x0000006c   Code   RO          239    .text               mf_w.l(fepilogue.o)
    0x00001d2c   0x000000b0   Code   RO          241    .text               mf_w.l(fadd.o)
    0x00001ddc   0x00000080   Code   RO          243    .text               mf_w.l(fdiv.o)
    0x00001e5c   0x00000018   Code   RO          245    .text               mf_w.l(fscalb.o)
    0x00001e74   0x0000005e   Code   RO          247    .text               mf_w.l(fsqrt.o)
    0x00001ed2   0x000000be   Code   RO          249    .text               mf_w.l(depilogue.o)
    0x00001f90   0x0000002e   Code   RO          251    .text               mf_w.l(dscalb.o)
    0x00001fbe   0x00000002   PAD
    0x00001fc0   0x00000024   Code   RO          253    .text               mc_w.l(init.o)
    0x00001fe4   0x0000000a   Code   RO          255    .text               mc_w.l(isspace_c.o)
    0x00001fee   0x00000002   PAD
    0x00001ff0   0x0000033c   Code   RO          257    .text               mc_w.l(scanf_fp.o)
    0x0000232c   0x00000040   Code   RO          261    .text               mc_w.l(_sgetc.o)
    0x0000236c   0x000000a2   Code   RO          263    .text               mf_w.l(dsqrt.o)
    0x0000240e   0x0000001a   Code   RO          265    .text               mf_w.l(dfltui.o)
    0x00002428   0x00000028   Code   RO          267    .text               mc_w.l(ctype_c.o)
    0x00002450   0x00000018   Code   RO          270    .text               mf_w.l(dfltul.o)
    0x00002468   0x00000028   Code   RO          181    i.__ARM_fpclassify  m_ws.l(fpclassify.o)
    0x00002490   0x00000026   Code   RO          183    i.__ARM_fpclassifyf  m_ws.l(fpclassifyf.o)
    0x000024b6   0x00000002   PAD
    0x000024b8   0x00000388   Code   RO          190    i.__ieee754_rem_pio2  m_ws.l(rred.o)
    0x00002840   0x000000fc   Code   RO          176    i.__kernel_cos      m_ws.l(cos_i.o)
    0x0000293c   0x000000aa   Code   RO          187    i.__kernel_poly     m_ws.l(poly.o)
    0x000029e6   0x00000002   PAD
    0x000029e8   0x000000ec   Code   RO          195    i.__kernel_sin      m_ws.l(sin_i.o)
    0x00002ad4   0x00000010   Code   RO          179    i.__mathlib_dbl_underflow  m_ws.l(dunder.o)
    0x00002ae4   0x0000000a   Code   RO          185    i.__mathlib_flt_underflow  m_ws.l(funder.o)
    0x00002aee   0x00000002   PAD
    0x00002af0   0x0000000c   Code   RO          230    i.__read_errno      mc_w.l(errno.o)
    0x00002afc   0x0000000e   Code   RO          274    i.__scatterload_copy  mc_w.l(handlers.o)
    0x00002b0a   0x00000002   Code   RO          275    i.__scatterload_null  mc_w.l(handlers.o)
    0x00002b0c   0x0000000e   Code   RO          276    i.__scatterload_zeroinit  mc_w.l(handlers.o)
    0x00002b1a   0x00000002   PAD
    0x00002b1c   0x0000000c   Code   RO          231    i.__set_errno       mc_w.l(errno.o)
    0x00002b28   0x0000000e   Code   RO          259    i._is_digit         mc_w.l(scanf_fp.o)
    0x00002b36   0x00000002   PAD
    0x00002b38   0x00000128   Code   RO          100    i.asinf             m_ws.l(asinf.o)
    0x00002c60   0x0000002a   Code   RO          108    i.atof              m_ws.l(atof.o)
    0x00002c8a   0x00000002   PAD
    0x00002c8c   0x000000ac   Code   RO          112    i.cos               m_ws.l(cos.o)
    0x00002d38   0x000009e0   Code   RO          120    i.pow               m_ws.l(pow.o)
    0x00003718   0x000000b0   Code   RO          130    i.sin               m_ws.l(sin.o)
    0x000037c8   0x0000004c   Code   RO          202    i.sqrt              m_ws.l(sqrt.o)
    0x00003814   0x0000002c   Code   RO          138    i.sqrtf             m_ws.l(sqrtf.o)
    0x00003840   0x00000088   Data   RO          121    .constdata          m_ws.l(pow.o)
    0x000038c8   0x00000030   Data   RO          177    .constdata          m_ws.l(cos_i.o)
    0x000038f8   0x00000008   Data   RO          189    .constdata          m_ws.l(qnan.o)
    0x00003900   0x000000c8   Data   RO          192    .constdata          m_ws.l(rred.o)
    0x000039c8   0x00000028   Data   RO          196    .constdata          m_ws.l(sin_i.o)
    0x000039f0   0x00000040   Data   RO          268    .constdata          mc_w.l(ctype_c.o)
    0x00003a30   0x00000020   Data   RO          272    Region$$Table       anon$$obj.o


    Execution Region ER_RW (Base: 0x20000000, Size: 0x00000088, Max: 0xffffffff, ABSOLUTE)

    Base Addr    Size         Type   Attr      Idx    E Section Name        Object

    0x20000000   0x00000080   Data   RW           14    .data               main.o
    0x20000080   0x00000004   Data   RW          149    .data               mc_w.l(strtok.o)
    0x20000084   0x00000004   Data   RW          232    .data               mc_w.l(errno.o)


    Execution Region ER_ZI (Base: 0x20000088, Size: 0x000002d8, Max: 0xffffffff, ABSOLUTE)

    Base Addr    Size         Type   Attr      Idx    E Section Name        Object

    0x20000088   0x000000d2   Zero   RW           13    .bss                main.o
    0x2000015a   0x00000006   PAD
    0x20000160   0x00000200   Zero   RW            1    STACK               startup_tm4c123.o


==============================================================================

Image component sizes


      Code (inc. data)   RO Data    RW Data    ZI Data      Debug   Object Name

      4964        314          0        128        210       8345   main.o
       252         10        620          0        512       5316   startup_tm4c123.o

    ----------------------------------------------------------------------
      5216        324        652        128        728      13661   Object Totals
         0          0         32          0          0          0   (incl. Generated)
         0          0          0          0          6          0   (incl. Padding)

    ----------------------------------------------------------------------

      Code (inc. data)   RO Data    RW Data    ZI Data      Debug   Library Member Name

       296         36          0          0          0        120   asinf.o
        42          0          0          0          0         84   atof.o
       172          8          0          0          0        112   cos.o
       252         22         48          0          0        124   cos_i.o
        16          6          0          0          0         68   dunder.o
        40          0          0          0          0         68   fpclassify.o
        38          0          0          0          0         68   fpclassifyf.o
        10          0          0          0          0         68   funder.o
       170          0          0          0          0         96   poly.o
      2528        190        136          0          0        332   pow.o
         0          0          8          0          0          0   qnan.o
       904         72        200          0          0        140   rred.o
       176         10          0          0          0        116   sin.o
       236         12         40          0          0        128   sin_i.o
        76          0          0          0          0         84   sqrt.o
        44          0          0          0          0         80   sqrtf.o
        64          0          0          0          0         84   _sgetc.o
        40          6         64          0          0         68   ctype_c.o
         0          0          0          0          0          0   entry.o
         0          0          0          0          0          0   entry10a.o
         0          0          0          0          0          0   entry11a.o
         8          4          0          0          0          0   entry2.o
         4          0          0          0          0          0   entry5.o
         0          0          0          0          0          0   entry7b.o
         0          0          0          0          0          0   entry8b.o
         8          4          0          0          0          0   entry9a.o
        24         12          0          4          0        136   errno.o
        30          0          0          0          0          0   handlers.o
        36          8          0          0          0         68   init.o
        10          0          0          0          0         68   isspace_c.o
         0          0          0          0          0          0   iusefp.o
        30          0          0          0          0         68   llshl.o
        36          0          0          0          0         68   llsshr.o
        32          0          0          0          0         68   llushr.o
       842         12          0          0          0        216   scanf_fp.o
       156         14          0          0          0        120   strtod.o
        68          6          0          4          0         80   strtok.o
        40          2          0          0          0         68   cdcmple.o
        40          2          0          0          0         68   cdrcmple.o
        56          0          0          0          0         88   d2f.o
       334          0          0          0          0        148   dadd.o
       222          0          0          0          0        100   ddiv.o
       190          0          0          0          0        176   depilogue.o
        62          0          0          0          0         80   dfixi.o
        34          0          0          0          0         76   dflti.o
        26          0          0          0          0         76   dfltui.o
        24          0          0          0          0         76   dfltul.o
       228          0          0          0          0         96   dmul.o
        46          0          0          0          0         80   dscalb.o
       162          0          0          0          0        100   dsqrt.o
        38          0          0          0          0         68   f2d.o
       176          0          0          0          0        140   fadd.o
       128          0          0          0          0         88   fdiv.o
       108          0          0          0          0        168   fepilogue.o
        18          0          0          0          0         68   fflti.o
       108          0          0          0          0         76   fmul.o
        24          0          0          0          0         68   fscalb.o
        94          0          0          0          0         96   fsqrt.o

    ----------------------------------------------------------------------
      8564        426        496          8          0       4736   Library Totals
        18          0          0          0          0          0   (incl. Padding)

    ----------------------------------------------------------------------

      Code (inc. data)   RO Data    RW Data    ZI Data      Debug   Library Name

      5000        356        432          0          0       1688   m_ws.l
      1388         66         64          8          0       1044   mc_w.l
      2158          4          0          0          0       2004   mf_w.l

    ----------------------------------------------------------------------
      8564        426        496          8          0       4736   Library Totals

    ----------------------------------------------------------------------

==============================================================================


      Code (inc. data)   RO Data    RW Data    ZI Data      Debug   

     13780        750       1148        136        728      15953   Grand Totals
     13780        750       1148        136        728      15953   ELF Image Totals
     13780        750       1148        136          0          0   ROM Totals

==============================================================================

    Total RO  Size (Code + RO Data)                14928 (  14.58kB)
    Total RW  Size (RW Data + ZI Data)               864 (   0.84kB)
    Total ROM Size (Code + RO Data + RW Data)      15064 (  14.71kB)

==============================================================================

